34
7
7
34
7
7
2
4
(foobar)
5
0
--nostringval--
true
false
-6
236
0
true
true
true
true
false
(hello)
(ab)
97
4
2.0
2
-2
2
-1
1
0
2.0
2
4
-1
2