(foobar)
5
0
--nostringval--
true
false
-6
236
0
true
true
true
true
false
(hello)
(ab)
97
4
2
2
4
-1
2